// Jest Snapshot v1, https://goo.gl/fbAQLP

exports[`Tests in <LoginScreen/> component should show successfully 1`] = `
<div
  className="container mt-5"
>
  <h1>
    Login
  </h1>
  <hr />
  <button
    className="btn btn-primary "
    onClick={[Function]}
  >
    Login
  </button>
</div>
`;
