// Jest Snapshot v1, https://goo.gl/fbAQLP

exports[`Test in <AppRouter/> component should show Prease wait... 1`] = `
<h5>
  Prease wait...
</h5>
`;

exports[`Test in <AppRouter/> component should show public route 1`] = `null`;
