// Jest Snapshot v1, https://goo.gl/fbAQLP

exports[`Tests in <AppRouter/> component should show successfully 1`] = `
<div>
  <nav
    className="navbar navbar-expand-sm  navbar-dark  bg-dark"
  >
    <div
      className="container-fluid"
    >
      <a
        className="navbar-brand"
        href="#"
      >
        useContext
      </a>
      <div
        className="collapse navbar-collapse"
        id="navbarNavAltMarkup"
      >
        <div
          className="navbar-nav"
        >
          <a
            activeClassName="active"
            aria-current="page"
            className="nav-link nav-item  active"
            exact={true}
            href="/"
            onClick={[Function]}
          >
            Home
          </a>
          <a
            activeClassName="active"
            className="nav-link nav-item"
            exact={true}
            href="/about"
            onClick={[Function]}
          >
            About
          </a>
          <a
            activeClassName="active"
            className="nav-link nav-item"
            exact={true}
            href="/login"
            onClick={[Function]}
          >
            Login
          </a>
        </div>
      </div>
    </div>
  </nav>
  <div>
    <h1>
      HomeScreen
    </h1>
    <pre>
      {
   "id": 1,
   "name": "Barry",
   "email": "barry@mail.com",
   "sigIn": true
}
    </pre>
    <hr />
  </div>
</div>
`;
