// Jest Snapshot v1, https://goo.gl/fbAQLP

exports[`Test in <HomeScreen/> component should show successfully 1`] = `
<div>
  <h1>
    HomeScreen
  </h1>
  <pre>
    {
   "id": 1,
   "name": "Barry",
   "email": "barry@mail.com",
   "sigIn": true
}
  </pre>
  <hr />
</div>
`;
