// Jest Snapshot v1, https://goo.gl/fbAQLP

exports[`Tests in <LoginScreen/> component should show successfully 1`] = `
<div>
  <h1>
    LoginScreen
  </h1>
  <hr />
  <button
    className="btn btn-primary "
    onClick={[MockFunction]}
  >
    Login
  </button>
</div>
`;
