// Jest Snapshot v1, https://goo.gl/fbAQLP

exports[`Tests in <TodoApp/> component should show successfully 1`] = `
<div>
  <h1>
    TodoApp (
    0
    )
  </h1>
  <hr />
  <div
    className="row"
  >
    <div
      className="col-7"
    >
      <ul
        className="list-group list-group-flush"
      />
    </div>
    <div
      className="col-5"
    >
      <h4>
        Agregar TODO
      </h4>
      <hr />
      <form
        onSubmit={[Function]}
      >
        <input
          autoComplete="off"
          className="form-control"
          name="description"
          onChange={[Function]}
          placeholder="Escribe una tarea"
          type="text"
          value=""
        />
        <button
          className="btn btn-block btn-outline-primary  mt-1 "
          type="submit"
        >
          Agregar
        </button>
      </form>
    </div>
  </div>
</div>
`;
