// Jest Snapshot v1, https://goo.gl/fbAQLP

exports[`Tests in <TodoAddForm/> component should show successfully 1`] = `
Array [
  <h4>
    Agregar TODO
  </h4>,
  <hr />,
  <form
    onSubmit={[Function]}
  >
    <input
      autoComplete="off"
      className="form-control"
      name="description"
      onChange={[Function]}
      placeholder="Escribe una tarea"
      type="text"
      value=""
    />
    <button
      className="btn btn-block btn-outline-primary  mt-1 "
      type="submit"
    >
      Agregar
    </button>
  </form>,
]
`;
