// Jest Snapshot v1, https://goo.gl/fbAQLP

exports[`Tests in <AddCategory/> component should show successfuly 1`] = `
<form
  onSubmit={[Function]}
>
  <input
    onChange={[Function]}
    type="text"
    value=""
  />
</form>
`;
