// Jest Snapshot v1, https://goo.gl/fbAQLP

exports[`Tests in MultipleCustomHooks should show successful 1`] = `
<div>
  <h3>
    BreakingBad quotes
  </h3>
  <hr />
  <div
    data-testid="multiple-custom-hooks"
  >
    <div
      className="alert alert-info text-center"
    >
      Loading...
    </div>
  </div>
  <div
    style={
      Object {
        "clear": "both",
      }
    }
  />
  <div
    className="mt-3"
  >
    <button
      className="btn btn-primary"
      onClick={[Function]}
    >
      Traer m√°s
    </button>
    <button
      className="btn btn-primary ms-2"
      onClick={[Function]}
    >
      Traer menos
    </button>
  </div>
</div>
`;
