// Jest Snapshot v1, https://goo.gl/fbAQLP

exports[`Tests in <HookApp/> component should show HookApp successful 1`] = `
<div>
  HookApp
</div>
`;
