// Jest Snapshot v1, https://goo.gl/fbAQLP

exports[`Tests in RealExampleUseRef should show successful 1`] = `
<div>
  <h1>
    RealExampleUseRef
  </h1>
  <hr />
  <button
    className="btn btn-primary mt-3"
    onClick={[Function]}
  >
    Mostrar
  </button>
</div>
`;
