// Jest Snapshot v1, https://goo.gl/fbAQLP

exports[`Tests in <SearchScreen/> component should show successfuly 1`] = `
Array [
  <h1>
    Búsquedas
  </h1>,
  <hr />,
  <div
    className="row"
  >
    <div
      className="col-5"
    >
      <h4>
        Buscar
      </h4>
      <form
        onSubmit={[Function]}
      >
        <input
          autoComplete="off"
          className="form-control"
          name="searchText"
          onChange={[Function]}
          placeholder="Buscar un héroe"
          type="text"
          value=""
        />
        <button
          className="btn btn-outline-primary mt-1 "
          type="submit"
        >
          Buscar
        </button>
      </form>
    </div>
    <div
      className="col-7"
    >
      <h4>
        Resultados
      </h4>
      <hr />
      <div
        className="alert alert-info"
      >
         Buscar un héroe
      </div>
    </div>
  </div>,
]
`;
